// Jest Snapshot v1, https://goo.gl/fbAQLP

exports[`createPost should add title 1`] = `"{\\"@context\\":\\"http://schema.org/extensions\\",\\"@type\\":\\"MessageCard\\",\\"text\\":\\"# My Notes/n- PR [some link](google.com)\\",\\"potentialAction\\":[{\\"@type\\":\\"OpenUri\\",\\"name\\":\\"Learn More\\",\\"targets\\":[{\\"os\\":\\"default\\",\\"uri\\":\\"*<https://git.hub/some/project/releases/v1.0.0|v1.0.0>*\\"}]}]}"`;

exports[`createPost should call Microsoft Office Teams api 1`] = `"{\\"@context\\":\\"http://schema.org/extensions\\",\\"@type\\":\\"MessageCard\\",\\"text\\":\\"# My Notes/n- PR [some link](google.com)\\",\\"potentialAction\\":[{\\"@type\\":\\"OpenUri\\",\\"name\\":\\"Learn More\\",\\"targets\\":[{\\"os\\":\\"default\\",\\"uri\\":\\"*<https://git.hub/some/project/releases/v1.0.0|v1.0.0>*\\"}]}]}"`;

exports[`createPost should call Microsoft Office Teams api in env var 1`] = `"{\\"@context\\":\\"http://schema.org/extensions\\",\\"@type\\":\\"MessageCard\\",\\"text\\":\\"# My Notes/n- PR [some link](google.com)\\",\\"potentialAction\\":[{\\"@type\\":\\"OpenUri\\",\\"name\\":\\"Learn More\\",\\"targets\\":[{\\"os\\":\\"default\\",\\"uri\\":\\"*<https://git.hub/some/project/releases/v1.0.0|v1.0.0>*\\"}]}]}"`;

exports[`createPost should call Microsoft Office Teams api through http proxy 1`] = `"{\\"@context\\":\\"http://schema.org/extensions\\",\\"@type\\":\\"MessageCard\\",\\"text\\":\\"# My Notes/n- PR [some link](google.com)\\",\\"potentialAction\\":[{\\"@type\\":\\"OpenUri\\",\\"name\\":\\"Learn More\\",\\"targets\\":[{\\"os\\":\\"default\\",\\"uri\\":\\"*<https://git.hub/some/project/releases/v1.0.0|v1.0.0>*\\"}]}]}"`;

exports[`createPost should call Microsoft Office Teams api through https proxy 1`] = `"{\\"@context\\":\\"http://schema.org/extensions\\",\\"@type\\":\\"MessageCard\\",\\"text\\":\\"# My Notes/n- PR [some link](google.com)\\",\\"potentialAction\\":[{\\"@type\\":\\"OpenUri\\",\\"name\\":\\"Learn More\\",\\"targets\\":[{\\"os\\":\\"default\\",\\"uri\\":\\"*<https://git.hub/some/project/releases/v1.0.0|v1.0.0>*\\"}]}]}"`;

exports[`createPost should call Microsoft Office Teams api with minimal config 1`] = `"{\\"@context\\":\\"http://schema.org/extensions\\",\\"@type\\":\\"MessageCard\\",\\"text\\":\\"# My Notes/n- PR [some link](google.com)\\",\\"potentialAction\\":[{\\"@type\\":\\"OpenUri\\",\\"name\\":\\"Learn More\\",\\"targets\\":[{\\"os\\":\\"default\\",\\"uri\\":\\"*<https://git.hub/some/project/releases/v1.0.0|v1.0.0>*\\"}]}]}"`;
