// Jest Snapshot v1, https://goo.gl/fbAQLP

exports[`should create sections for packages 1`] = `
"#### 💥  Breaking Change

- woot [#12343](https://github.custom.com/pull/12343) (adam@dierkens.com)
- \`@foobar/release\`, \`@foobar/party\`
  - [PLAYA-5052](jira.com/PLAYA-5052): Some Feature [#12345](https://github.custom.com/pull/12345) (adam@dierkens.com)
  - [PLAYA-5052](jira.com/PLAYA-5052): Some Feature - Revert [#12345](https://github.custom.com/pull/12345) (adam@dierkens.com)

#### 🏠  Internal

- \`@foobar/release\`
  - Another Feature [#1234](https://github.custom.com/pull/1234) (adam@dierkens.com)"
`;
